---
source: tests/renderer/graphical.rs
expression: render(message)
---
× error: unnecessary parenthesis
   help: remove unnecessary parenthesis here
 1 │ fn foo() -> CoolBoolean {
   │             ^^^^^^^^^^^
   ∶ 
 2 │     return false;
   │            ^^^^^
