---
source: tests/renderer/graphical.rs
expression: render(message)
---
â˜ž note: mismatched types
