---
source: tests/renderer/graphical.rs
expression: render(message)
---
â˜ž help: mismatched types
