---
source: tests/renderer/graphical.rs
expression: render(message)
---
Ã— error: mismatched types
   help: expected type `Array<T>`
            found type `Boolean`
