---
source: tests/renderer/graphical.rs
expression: render(message)
---
â˜ž info: mismatched types
