---
source: tests/renderer/graphical.rs
expression: render(message)
---
Ã— error: mismatched types
   help: did you check your syntax?
