---
source: tests/renderer/invalid.rs
expression: render(message)
---
× error: failed to read file
   ╭─[src/test.lm:1:1]
 1 │ abc
   ╰──
