---
source: tests/renderer/graphical.rs
expression: render(message)
---
âš  warning: mismatched types
