---
source: tests/derive/severity.rs
expression: "render(Foo {})"
---
âš  warning: some warning
