---
source: tests/derive/message.rs
expression: "render(Foo {})"
---
Ã— error: some error
