---
source: tests/derive/severity.rs
expression: "render(Foo {})"
---
â˜ž note: some note
