---
source: tests/derive/message.rs
expression: "render(Foo { name: &[\"bar\", \"baz\"] })"
---
Ã— error: foo [
    "bar",
    "baz",
]
