---
source: tests/derive/code.rs
expression: "render(Foo { code: 3404 })"
---
Ã— error[E{code}]: some error
