---
source: tests/derive/severity.rs
expression: "render(Foo {})"
---
Ã— error: some error
