---
source: tests/derive/message.rs
expression: "render(Foo { name1: \"foo\", name2: \"bar\", })"
---
Ã— error: foo bar
