---
source: tests/derive/code.rs
expression: "render(Foo {})"
---
Ã— error[some::obtuse::code]: some error
