---
source: tests/derive/code.rs
expression: "render(Foo {})"
---
Ã— error[E3404]: some error
