---
source: tests/derive/severity.rs
expression: "render(Foo {})"
---
â˜ž info: some info
