---
source: tests/derive/help.rs
expression: "render(Foo {})"
---
Ã— error: foo
   help: better luck next time!
         you'll get there!
