---
source: tests/derive/message.rs
expression: "render(Foo { name: \"bar\" })"
---
Ã— error: foo "bar"
