---
source: tests/derive/severity.rs
expression: "render(Foo {})"
---
â˜ž help: some help
