error: expected name-value attribute, such as `#[attr = "..."]`
 --> tests/derive/ui/code_parenthesis.rs:4:3
  |
4 | #[diagnostic(message = "some help", code("E5123"))]
  |   ^^^^^^^^^^^^^^^^^^^^^^^^^^^^^^^^^^^^^^^^^^^^^^^^
